
> @helping-hand/server@0.1.0 test
> cross-env NODE_OPTIONS=--experimental-vm-modules jest

node.exe : FAIL 
src/models/__tests__/models.test.ts
At line:1 char:1
+ & "C:\Program 
Files\nodejs/node.exe" "C:\Program 
Files\nodejs/node_mo ...
+ ~~~~~~~~~~~~~~~~~~~~~~~~~~~~~~~~~~~
~~~~~~~~~~~~~~~~~~~~~~~~~~~~~~~~~~
    + CategoryInfo          : NotSpe 
   cified: (FAIL src/models/__tests  
  __/models.test.ts:String) [], Re   
 moteException
    + FullyQualifiedErrorId : Native 
   CommandError
 
  ΓùÅ Test suite failed to run

    ReferenceError: Cannot access 
'Event' before initialization

    [0m [90m 30 |[39m   
[33m@[39m[33mManyToOne[39m(() 
[33m=>[39m 
[33mEvent[39m[33m,[39m (event) 
[33m=>[39m 
event[33m.[39mrsvps[33m,[39m { 
onDelete[33m:[39m 
[32m"CASCADE"[39m })
     [90m 31 |[39m   
[33m@[39m[33mJoinColumn[39m({ 
name[33m:[39m [32m"event_id"[39m 
})
    [31m[1m>[22m[39m[90m 32 
|[39m   event[33m:[39m 
[33mEvent[39m[33m;[39m
     [90m    |[39m          
[31m[1m^[22m[39m
     [90m 33 |[39m
     [90m 34 |[39m   
[33m@[39m[33mManyToOne[39m(() 
[33m=>[39m 
[33mUser[39m[33m,[39m (user) 
[33m=>[39m 
user[33m.[39mrsvps[33m,[39m { 
onDelete[33m:[39m 
[32m"CASCADE"[39m })
     [90m 35 |[39m   
[33m@[39m[33mJoinColumn[39m({ 
name[33m:[39m [32m"user_id"[39m 
})[0m

      at src/models/RSVP.ts:32:10

Test Suites: 1 failed, 1 total
Tests:       0 total
Snapshots:   0 total
Time:        3.796 s
Ran all test suites.
(node:10664) ExperimentalWarning: VM 
Modules is an experimental feature 
and might change at any time
(Use `node --trace-warnings ...` to 
show where the warning was created)
npm error Lifecycle script `test` 
failed with error:
npm error code 1
npm error path C:\Users\singh\OneDriv
e\Desktop\helping-hand\server
npm error workspace 
@helping-hand/server@0.1.0
npm error location C:\Users\singh\One
Drive\Desktop\helping-hand\server
npm error command failed
npm error command 
C:\WINDOWS\system32\cmd.exe /d /s /c 
cross-env NODE_OPTIONS=--experimental
-vm-modules jest
